<html>
<body>
<pre>
<h1>µVision Build Log</h1>
<h2>Project:</h2>
D:\Kolya\Junior\Second Semester\Embedded\George\FINAL\GPS_project\GPS_project.uvproj
Project File Date:  05/07/2025

<h2>Output:</h2>
Rebuild target 'Target 1'
assembling startup_TM4C123.s...
compiling GPS.c...
GPS.h(17): warning:  #1295-D: Deprecated declaration GPS_FindNearestLandmark - give arg types
  Landmark GPS_FindNearestLandmark() ;
GPS.h(18): warning:  #1295-D: Deprecated declaration GPS_read - give arg types
  void GPS_read();
GPS.h(25): warning:  #1295-D: Deprecated declaration GPS_format - give arg types
  void GPS_format();
GPS.h(26): warning:  #1295-D: Deprecated declaration TIME - give arg types
  char* TIME ();
GPS.h(27): warning:  #1295-D: Deprecated declaration status - give arg types
  char* status ();
GPS.h(28): warning:  #1295-D: Deprecated declaration Speed - give arg types
  float Speed ();
GPS.h(29): warning:  #1295-D: Deprecated declaration DATE - give arg types
  char* DATE ();
GPS.h(31): warning:  #1295-D: Deprecated declaration Display_status - give arg types
  void Display_status ();
GPS.h(32): warning:  #1295-D: Deprecated declaration Display_TIME - give arg types
  void Display_TIME ();
GPS.h(33): warning:  #1295-D: Deprecated declaration Display_DATE - give arg types
  void Display_DATE ();
GPS.h(34): warning:  #1295-D: Deprecated declaration DisplaySpeed - give arg types
  void DisplaySpeed();
GPS.h(35): warning:  #1295-D: Deprecated declaration UART0_EXCEL - give arg types
  void UART0_EXCEL();
GPS.h(36): warning:  #1295-D: Deprecated declaration UART2_ESP - give arg types
  void UART2_ESP();
GPS.h(58): warning:  #1-D: last line of file ends without a newline
  #endif // GPS*/
Bit_Utilies.h(13): warning:  #1-D: last line of file ends without a newline
  #endif
TM4C123.h(12713): warning:  #1-D: last line of file ends without a newline
  #endif // __TM4C123GH6PM_H__
UART.h(20): warning:  #1295-D: Deprecated declaration UART2_Init - give arg types
  void UART2_Init();
LCD.h(10): warning:  #1295-D: Deprecated declaration lcd_init - give arg types
  void lcd_init();
LCD.h(17): warning:  #1295-D: Deprecated declaration lcd_clear - give arg types
  void lcd_clear();
LCD.h(22): warning:  #1-D: last line of file ends without a newline
  #endif // LCD
GPIO.h(17): warning:  #1295-D: Deprecated declaration GPIO_initPortE_BUZZER - give arg types
  void GPIO_initPortE_BUZZER();
GPIO.h(46): warning:  #1-D: last line of file ends without a newline
  */
GPS.c(126): warning:  #1035-D: single-precision operand implicitly converted to double-precision
  return angle * PI / 180.0 ;
GPS.c: 23 warnings, 0 errors
compiling UART.c...
tm4c123gh6pm.h(12713): warning:  #1-D: last line of file ends without a newline
  #endif // __TM4C123GH6PM_H__
Bit_Utilies.h(13): warning:  #1-D: last line of file ends without a newline
  #endif
UART.c: 2 warnings, 0 errors
compiling GPIO.c...
GPIO.h(17): warning:  #1295-D: Deprecated declaration GPIO_initPortE_BUZZER - give arg types
  void GPIO_initPortE_BUZZER();
GPIO.h(46): warning:  #1-D: last line of file ends without a newline
  */
Bit_Utilies.h(13): warning:  #1-D: last line of file ends without a newline
  #endif
tm4c123gh6pm.h(12713): warning:  #1-D: last line of file ends without a newline
  #endif // __TM4C123GH6PM_H__
TM4C123.h(12713): warning:  #1-D: last line of file ends without a newline
  #endif // __TM4C123GH6PM_H__
GPIO.c(61): warning:  #111-D: statement is unreachable
          case GPIO_SW1 : return GET_BIT(GPIO_PORTF_DATA_R,4); break;
GPIO.c(62): warning:  #111-D: statement is unreachable
          case GPIO_SW2 : return GET_BIT(GPIO_PORTF_DATA_R,0); break;
GPIO.c(287): warning:  #1-D: last line of file ends without a newline
  */
GPIO.c: 8 warnings, 0 errors
compiling SEVEN_SEG.c...
SEVEN_SEG.h(2): warning:  #1-D: last line of file ends without a newline
  void GPIO_initSevenSegment();
SEVEN_SEG.h(2): warning:  #1295-D: Deprecated declaration GPIO_initSevenSegment - give arg types
  void GPIO_initSevenSegment();
tm4c123gh6pm.h(12713): warning:  #1-D: last line of file ends without a newline
  #endif // __TM4C123GH6PM_H__
GPIO.h(17): warning:  #1295-D: Deprecated declaration GPIO_initPortE_BUZZER - give arg types
  void GPIO_initPortE_BUZZER();
GPIO.h(46): warning:  #1-D: last line of file ends without a newline
  */
Bit_Utilies.h(13): warning:  #1-D: last line of file ends without a newline
  #endif
SEVEN_SEG.c(103): warning:  #1-D: last line of file ends without a newline
  }*/
SEVEN_SEG.c: 7 warnings, 0 errors
compiling main.c...
tm4c123gh6pm.h(12713): warning:  #1-D: last line of file ends without a newline
  #endif // __TM4C123GH6PM_H__
Bit_Utilies.h(13): warning:  #1-D: last line of file ends without a newline
  #endif
TM4C123.h(12713): warning:  #1-D: last line of file ends without a newline
  #endif // __TM4C123GH6PM_H__
LCD.h(10): warning:  #1295-D: Deprecated declaration lcd_init - give arg types
  void lcd_init();
LCD.h(17): warning:  #1295-D: Deprecated declaration lcd_clear - give arg types
  void lcd_clear();
LCD.h(22): warning:  #1-D: last line of file ends without a newline
  #endif // LCD
UART.h(20): warning:  #1295-D: Deprecated declaration UART2_Init - give arg types
  void UART2_Init();
GPS.h(17): warning:  #1295-D: Deprecated declaration GPS_FindNearestLandmark - give arg types
  Landmark GPS_FindNearestLandmark() ;
GPS.h(18): warning:  #1295-D: Deprecated declaration GPS_read - give arg types
  void GPS_read();
GPS.h(25): warning:  #1295-D: Deprecated declaration GPS_format - give arg types
  void GPS_format();
GPS.h(26): warning:  #1295-D: Deprecated declaration TIME - give arg types
  char* TIME ();
GPS.h(27): warning:  #1295-D: Deprecated declaration status - give arg types
  char* status ();
GPS.h(28): warning:  #1295-D: Deprecated declaration Speed - give arg types
  float Speed ();
GPS.h(29): warning:  #1295-D: Deprecated declaration DATE - give arg types
  char* DATE ();
GPS.h(31): warning:  #1295-D: Deprecated declaration Display_status - give arg types
  void Display_status ();
GPS.h(32): warning:  #1295-D: Deprecated declaration Display_TIME - give arg types
  void Display_TIME ();
GPS.h(33): warning:  #1295-D: Deprecated declaration Display_DATE - give arg types
  void Display_DATE ();
GPS.h(34): warning:  #1295-D: Deprecated declaration DisplaySpeed - give arg types
  void DisplaySpeed();
GPS.h(35): warning:  #1295-D: Deprecated declaration UART0_EXCEL - give arg types
  void UART0_EXCEL();
GPS.h(36): warning:  #1295-D: Deprecated declaration UART2_ESP - give arg types
  void UART2_ESP();
GPS.h(58): warning:  #1-D: last line of file ends without a newline
  #endif // GPS*/
GPIO.h(17): warning:  #1295-D: Deprecated declaration GPIO_initPortE_BUZZER - give arg types
  void GPIO_initPortE_BUZZER();
GPIO.h(46): warning:  #1-D: last line of file ends without a newline
  */
main.c(36): warning:  #1035-D: single-precision operand implicitly converted to double-precision
                                                                        if (distance<30.0){
main.c(43): warning:  #1035-D: single-precision operand implicitly converted to double-precision
                                                                        else if ((30.0<distance)&&(distance<50.0)){
main.c(43): warning:  #1035-D: single-precision operand implicitly converted to double-precision
                                                                        else if ((30.0<distance)&&(distance<50.0)){
main.c(48): warning:  #1035-D: single-precision operand implicitly converted to double-precision
                                                                        else if ((50.0<distance)&&(distance<80.0)){
main.c(48): warning:  #1035-D: single-precision operand implicitly converted to double-precision
                                                                        else if ((50.0<distance)&&(distance<80.0)){
main.c(166): warning:  #1-D: last line of file ends without a newline
                //http://192.168.155.89/
main.c: 29 warnings, 0 errors
compiling LCD.c...
tm4c123gh6pm.h(12713): warning:  #1-D: last line of file ends without a newline
  #endif // __TM4C123GH6PM_H__
Bit_Utilies.h(13): warning:  #1-D: last line of file ends without a newline
  #endif
TM4C123.h(12713): warning:  #1-D: last line of file ends without a newline
  #endif // __TM4C123GH6PM_H__
LCD.h(10): warning:  #1295-D: Deprecated declaration lcd_init - give arg types
  void lcd_init();
LCD.h(17): warning:  #1295-D: Deprecated declaration lcd_clear - give arg types
  void lcd_clear();
LCD.h(22): warning:  #1-D: last line of file ends without a newline
  #endif // LCD
LCD.c: 6 warnings, 0 errors
linking...
Program Size: Code=15484 RO-data=1164 RW-data=56 ZI-data=1112  
".\GPS_project.axf" - 0 Error(s), 75 Warning(s).
</pre>
</body>
</html>
